[bitvez.com/index.html]
[backblue.gif]
[fade.gif]
[index.html]
[bitvez.com/imgs/fav.png]
[bitvez.com/assets/web-frontend/client/runtime.aee76.js]
[bitvez.com/assets/web-frontend/client/commons/app.19539.js]
[bitvez.com/assets/web-frontend/client/css/f89b17b.css]
[bitvez.com/assets/web-frontend/client/vendors/app.1a24d.js]
[bitvez.com/assets/web-frontend/client/css/aaeba53.css]
[bitvez.com/assets/web-frontend/client/app.42046.js]
[bitvez.com/assets/web-frontend/client/css/2adeff9.css]
[bitvez.com/assets/web-frontend/client/pages/index.99b72.js]
[bitvez.com/assets/web-frontend/client/vendors/pages/index.53556.js]
[bitvez.com/assets/web-frontend/client/css/da49b44.css]
[bitvez.com/assets/web-frontend/client/283.520f8.js]
[bitvez.com/assets/web-frontend/client/css/e5f088f.css]
[bitvez.com/assets/web-frontend/client/282.2f180.js]
[bitvez.com/assets/web-frontend/client/css/00cf0f6.css]
[bitvez.com/assets/web-frontend/client/281.b7df1.js]
[bitvez.com/assets/pages.css]
[bitvez.com/assets/styles/materialdesignicons.min.css]
[bitvez.com/assets/styles/alert.css]
[bitvez.com/assets/plugins/sweetalert2.css]
[bitvez.com/assets/jquery-3.6.0.js]
[bitvez.com/imgs/translator.png]
[bitvez.com/imgs/logo_dark.png]
[bitvez.com/buy-sell.html]
[bitvez.com/markets.html]
[bitvez.com/spot.html]
[bitvez.com/spotf51f.html]
[bitvez.com/.html]
[bitvez.com/-usd.html]
[bitvez.com/copy-trading.html]
[bitvez.com/earn.html]
[bitvez.com/staking.html]
[bitvez.com/dual-investment.html]
[bitvez.com/eth2.html]
[bitvez.com/vip-earn.html]
[bitvez.com/nft.html]
[bitvez.com/nft-marketplace.html]
[bitvez.com/institutional-services.html]
[bitvez.com/vip.html]
[bitvez.com/referral-program.html]
[bitvez.com/reward-hub.html]
[bitvez.com/login.html]
[bitvez.com/register.html]
[bitvez.com/assets/web-frontend/client/img/iphone1babd4d.png]
[bitvez.com/imgs/phone.png]
[bitvez.com/earn1785.html]
[bitvez.com/assets/static-file/public/coin/BTC-20200604060942.png]
[bitvez.com/earn80c5.html]
[bitvez.com/assets/static-file/public/coin/ETH-20200604061001.png]
[bitvez.com/earn417d.html]
[bitvez.com/assets/static-file/public/coin/USDT-20200604062641.png]
[bitvez.com/earndcc4.html]
[bitvez.com/assets/static-file/public/coin/USDC-20211115040218.png]
[bitvez.com/earn7cf9.html]
[bitvez.com/assets/static-file/public/coin/73628ba2042149bb8cb20612-20240929103339.jpg]
[bitvez.com/earn6d19.html]
[bitvez.com/assets/static-file/public/coin/3bd06721f8f6735fa69ddf9b-20240716042138.png]
[bitvez.com/earn5f86.html]
[bitvez.com/assets/static-file/public/coin/9f6d8d49e3876480d37cb6bb-20240609213824.png]
[bitvez.com/earnea1a.html]
[bitvez.com/assets/static-file/public/coin/BAD-20230709165149.jpg]
[bitvez.com/cryptoIcons/BTC.png]
[bitvez.com/cryptoIcons/ETH.png]
[bitvez.com/cryptoIcons/SOL.png]
[bitvez.com/cryptoIcons/USDT.png]
[bitvez.com/cryptoIcons/XRP.png]
[bitvez.com/cryptoIcons/BNB.png]
[bitvez.com/cryptoIcons/AAVE.png]
[bitvez.com/cryptoIcons/ADA.png]
[bitvez.com/cryptoIcons/AGIX.png]
[bitvez.com/cryptoIcons/AI.png]
[bitvez.com/cryptoIcons/ALGO.png]
[bitvez.com/cryptoIcons/APE.png]
[bitvez.com/cryptoIcons/ATOM.png]
[bitvez.com/cryptoIcons/AVAX.png]
[bitvez.com/cryptoIcons/AXS.png]
[bitvez.com/cryptoIcons/BAT.png]
[bitvez.com/cryptoIcons/BCH.png]
[bitvez.com/cryptoIcons/BOME.png]
[bitvez.com/cryptoIcons/BONK.png]
[bitvez.com/cryptoIcons/CAKE.png]
[bitvez.com/cryptoIcons/CHZ.png]
[bitvez.com/cryptoIcons/COMP.png]
[bitvez.com/cryptoIcons/CRO.png]
[bitvez.com/cryptoIcons/CRV.png]
[bitvez.com/cryptoIcons/DAI.png]
[bitvez.com/cryptoIcons/DASH.png]
[bitvez.com/cryptoIcons/DNT.png]
[bitvez.com/cryptoIcons/DOGE.png]
[bitvez.com/cryptoIcons/DOT.png]
[bitvez.com/cryptoIcons/EGLD.png]
[bitvez.com/cryptoIcons/ENJ.png]
[bitvez.com/cryptoIcons/EOS.png]
[bitvez.com/cryptoIcons/FET.png]
[bitvez.com/cryptoIcons/FIL.png]
[bitvez.com/cryptoIcons/FLOKI.png]
[bitvez.com/cryptoIcons/FLOW.png]
[bitvez.com/cryptoIcons/FTM.png]
[bitvez.com/cryptoIcons/HBAR.png]
[bitvez.com/cryptoIcons/HOT.png]
[bitvez.com/cryptoIcons/ICP.png]
[bitvez.com/cryptoIcons/IMX.png]
[bitvez.com/cryptoIcons/LINK.png]
[bitvez.com/cryptoIcons/LTC.png]
[bitvez.com/cryptoIcons/MANA.png]
[bitvez.com/cryptoIcons/MEME.png]
[bitvez.com/cryptoIcons/MKR.png]
[bitvez.com/cryptoIcons/NEAR.png]
[bitvez.com/cryptoIcons/NEO.png]
[bitvez.com/cryptoIcons/ONDO.png]
[bitvez.com/cryptoIcons/ONG.png]
[bitvez.com/cryptoIcons/ONT.png]
[bitvez.com/cryptoIcons/PEPE.png]
[bitvez.com/cryptoIcons/PIXEL.png]
[bitvez.com/cryptoIcons/QNT.png]
[bitvez.com/cryptoIcons/REN.png]
[bitvez.com/cryptoIcons/RNDR.png]
[bitvez.com/cryptoIcons/RUNE.png]
[bitvez.com/cryptoIcons/SAND.png]
[bitvez.com/cryptoIcons/SEI.png]
[bitvez.com/cryptoIcons/SHIB.png]
[bitvez.com/cryptoIcons/SNX.png]
[bitvez.com/cryptoIcons/SUI.png]
[bitvez.com/cryptoIcons/SUSHI.png]
[bitvez.com/cryptoIcons/THETA.png]
[bitvez.com/cryptoIcons/TON.png]
[bitvez.com/cryptoIcons/TRX.png]
[bitvez.com/cryptoIcons/TWT.png]
[bitvez.com/cryptoIcons/UMA.png]
[bitvez.com/cryptoIcons/UNI.png]
[bitvez.com/cryptoIcons/USDC.png]
[bitvez.com/cryptoIcons/VET.png]
[bitvez.com/cryptoIcons/WBTC.png]
[bitvez.com/cryptoIcons/XEC.png]
[bitvez.com/cryptoIcons/XLM.png]
[bitvez.com/cryptoIcons/XTZ.png]
[bitvez.com/cryptoIcons/ZIL.png]
[bitvez.com/cryptoIcons/ZK.png]
[bitvez.com/cryptoIcons/ZRX.png]
[bitvez.com/assets/web-frontend/client/img/institution-hummingbot.6c3688e.png]
[bitvez.com/assets/web-frontend/client/img/institution-goodcrypto.7554da7.png]
[bitvez.com/assets/web-frontend/client/img/institution-cornix.8cac97a.png]
[bitvez.com/assets/web-frontend/client/img/institution-profitview.871783a.png]
[bitvez.com/assets/web-frontend/client/img/institution-combo-research.621169e.png]
[bitvez.com/assets/web-frontend/client/img/institution-pulsar.f6b0189.png]
[bitvez.com/assets/js/home.js]
[bitvez.com/about.html]
[bitvez.com/partners.html]
[bitvez.com/fee.html]
[bitvez.com/support/user-agreement.html]
[bitvez.com/support/privacy-policy.html]
[bitvez.com/support/help-center.html]
[bitvez.com/support/submit-a-request.html]
[bitvez.com/feedback.html]
[bitvez.com/https://res.cloudinary.com/dmicjarnb/image/upload/v1736886406/ljiaeovitb3g21xdc9gb.png]
[bitvez.com/assets/plugins/sweetalert2.js]
[bitvez.com/assets/js/easy.qrcode.js]
[bitvez.com/index.html]
[bitvez.com/static.zdassets.com/ekr/snippeteaafeaaf.html]
[bitvez.com/assets/web-frontend/client/fonts/element-icons.535877f.woff]
[bitvez.com/assets/web-frontend/client/fonts/element-icons.732389d.ttf]
[bitvez.com/assets/web-frontend/client/fonts/iconfont.e3be25e.woff2]
[bitvez.com/assets/web-frontend/client/fonts/iconfont.1ae8a1f.woff]
[bitvez.com/assets/web-frontend/client/fonts/iconfont.352f98b.ttf]
[bitvez.com/assets/web-frontend/client/css/f89b17b.css]
[bitvez.com/assets/web-frontend/client/img/error_bg.bf6d14c.jpg]
[bitvez.com/assets/web-frontend/client/css/aaeba53.css]
[bitvez.com/assets/web-frontend/client/img/app-1x.1eee880.png]
[bitvez.com/assets/web-frontend/client/img/app-1x.e438466.png]
[bitvez.com/assets/web-frontend/client/img/app-2x.606e18b.png]
[bitvez.com/assets/web-frontend/client/img/app-2x.6154659.png]
[bitvez.com/assets/web-frontend/client/img/-trade-1x.bff22dd.png]
[bitvez.com/assets/web-frontend/client/img/-trade-2x.904b7ca.png]
[bitvez.com/assets/web-frontend/client/img/phones-1x.4bb4a38.png]
[bitvez.com/assets/web-frontend/client/img/phones-2x.31f0d72.png]
[bitvez.com/assets/web-frontend/client/img/phones-2x.bf1e9b2.png]
[bitvez.com/assets/web-frontend/client/css/2adeff9.css]
[bitvez.com/assets/web-frontend/client/css/da49b44.css]
[bitvez.com/assets/web-frontend/client/css/e5f088f.css]
[bitvez.com/assets/web-frontend/client/css/00cf0f6.css]
[bitvez.com/assets/web-frontend/client/img/why-background@2x.a71087c.png]
[bitvez.com/assets/web-frontend/client/img/kv-bg-1.f898ef7.png]
[bitvez.com/assets/web-frontend/client/img/company.b1ef73b.png]
[bitvez.com/assets/web-frontend/client/img/bg.000395c.png]
[bitvez.com/assets/web-frontend/client/img/bmx_bg.7ae85f2.jpg]
[bitvez.com/assets/web-frontend-next/public/_next/about_header_bg.BQ9YGcmk.jpg]
[bitvez.com/assets/pages.css]
[bitvez.com/assets/fonts/materialdesignicons-webfont683c683c.eot]
[bitvez.com/assets/fonts/materialdesignicons-webfontd41dd41d.eot]
[bitvez.com/assets/fonts/materialdesignicons-webfont683c683c.woff2]
[bitvez.com/assets/fonts/materialdesignicons-webfont683c683c.woff]
[bitvez.com/assets/fonts/materialdesignicons-webfont683c683c.ttf]
[bitvez.com/assets/styles/materialdesignicons.min.css]
[bitvez.com/assets/fonts/fa-regular-400.woff2]
[bitvez.com/assets/fonts/fa-regular-400.ttf]
[bitvez.com/assets/fonts/fa-solid-900.woff2]
[bitvez.com/assets/fonts/fa-solid-900.ttf]
[bitvez.com/assets/styles/alert.css]
[bitvez.com/assets/plugins/sweetalert2.css]
[bitvez.com/login5841.html]
[bitvez.com/assets/web-frontend/client/img/3steps_img_1.03dab93.png]
[bitvez.com/assets/web-frontend/client/img/3steps_img_2.5b83af4.png]
[bitvez.com/assets/web-frontend/client/img/3steps_img_3.9271e24.png]
[bitvez.com/assets/static-file/public/coin/visa_day@3x-20230626033959.png]
[bitvez.com/assets/static-file/public/coin/master_day@3x-20230626033859.png]
[bitvez.com/assets/static-file/public/coin/applepay_day@3x-20230626033734.png]
[bitvez.com/assets/static-file/public/coin/googlepay_day@3x-20230626033833.png]
[bitvez.com/assets/static-file/public/coin/pix_day@3x-20230626033932.png]
[bitvez.com/assets/static-file/public/coin/ACH_day@3x-20230626033706.png]
[bitvez.com/assets/web-frontend/client/img/legend_trading.7cc3aae.png]
[bitvez.com/buy-sell.html]
[bitvez.com/assets/web-frontend/client/img/alchemypay.51884bf.png]
[bitvez.com/spot7d68.html]
[bitvez.com/spotad6f.html]
[bitvez.com/spotbeba.html]
[bitvez.com/spot120c.html]
[bitvez.com/spot097d.html]
[bitvez.com/spot3b5b.html]
[bitvez.com/spot5bb9.html]
[bitvez.com/spotbd21.html]
[bitvez.com/spota6b8.html]
[bitvez.com/spot6438.html]
[bitvez.com/spot06b7.html]
[bitvez.com/spot6145.html]
[bitvez.com/spotbb3e.html]
[bitvez.com/spot515b.html]
[bitvez.com/spot21a7.html]
[bitvez.com/spota613.html]
[bitvez.com/spot92a7.html]
[bitvez.com/spotccdf.html]
[bitvez.com/spotcffd.html]
[bitvez.com/spot5c79.html]
[bitvez.com/spot3c3e.html]
[bitvez.com/spot85ba.html]
[bitvez.com/spotac8b.html]
[bitvez.com/spote45f.html]
[bitvez.com/spot50d2.html]
[bitvez.com/spotd0f6.html]
[bitvez.com/spotfcad.html]
[bitvez.com/spotcab5.html]
[bitvez.com/spot1edc.html]
[bitvez.com/spot39da.html]
[bitvez.com/spot881a.html]
[bitvez.com/spot9655.html]
[bitvez.com/spot6bec.html]
[bitvez.com/spotfa6d.html]
[bitvez.com/spotd474.html]
[bitvez.com/spot0d02.html]
[bitvez.com/spote742.html]
[bitvez.com/spotea40.html]
[bitvez.com/spotae70.html]
[bitvez.com/spot8718.html]
[bitvez.com/spot9843.html]
[bitvez.com/spot63e4.html]
[bitvez.com/spote983.html]
[bitvez.com/spot88c2.html]
[bitvez.com/spote3c1.html]
[bitvez.com/spotc32f.html]
[bitvez.com/spot1e74.html]
[bitvez.com/spot48b6.html]
[bitvez.com/spot5ec3.html]
[bitvez.com/spote4d2.html]
[bitvez.com/spot498d.html]
[bitvez.com/spot59d8.html]
[bitvez.com/spot5508.html]
[bitvez.com/spotc5a2.html]
[bitvez.com/spoteef6.html]
[bitvez.com/spotc1ae.html]
[bitvez.com/spot7f04.html]
[bitvez.com/spot8c90.html]
[bitvez.com/spoted7c.html]
[bitvez.com/spot71cb.html]
[bitvez.com/spot1ffb.html]
[bitvez.com/spotb5af.html]
[bitvez.com/spot0e07.html]
[bitvez.com/spota426.html]
[bitvez.com/spotc1fc.html]
[bitvez.com/spotd3f2.html]
[bitvez.com/spot3d12.html]
[bitvez.com/spot3ffa.html]
[bitvez.com/spot8efe.html]
[bitvez.com/spote717.html]
[bitvez.com/spot8372.html]
[bitvez.com/spotc466.html]
[bitvez.com/spotbbd5.html]
[bitvez.com/spotce43.html]
[bitvez.com/spotcf00.html]
[bitvez.com/spotced2.html]
[bitvez.com/spot4019.html]
[bitvez.com/markets.html]
[bitvez.com/spotf4e1.html]
[bitvez.com/assets/trade.css]
[bitvez.com/imgs/cryptoIcon.png]
[bitvez.com/imgs/noRecord.png]
[bitvez.com/assets/js/trade.js]
[bitvez.com/spot.html]
[bitvez.com/spotf51f.html]
[bitvez.com/assets/.css]
[bitvez.com/assets/-frontend/client/css/09960fd.css]
[bitvez.com/assets/-frontend/client/img/b42c0a1.png]
[bitvez.com/assets/-frontend/client/img/9950c1d.png]
[bitvez.com/assets/-frontend/client/img/dbfb2cf.png]
[bitvez.com/.html]
[bitvez.com/assets/-frontend/client/img/88bd095.png]
[bitvez.com/-usd.html]
[bitvez.com/loginebfd.html]
[bitvez.com/copy-trading.html]
[bitvez.com/imgs/hot.png]
[bitvez.com/earn.html]
[bitvez.com/staking.html]
[bitvez.com/dual-investment.html]
[bitvez.com/login78e7.html]
[bitvez.com/eth2.html]
[bitvez.com/vip-earn.html]
[bitvez.com/assets/web-frontend/client/img/nftImg.jpg]
[bitvez.com/nft.html]
[bitvez.com/assets/js/nft-populator.js]
[bitvez.com/nft-marketplace.html]
[bitvez.com/assets/web-frontend/client/img/sub.341d929.png]
[bitvez.com/assets/web-frontend/client/img/api.60ce650.png]
[bitvez.com/assets/web-frontend/client/img/fees.3b82cfc.png]
[bitvez.com/assets/web-frontend/client/img/credit-line.7d332cd.png]
[bitvez.com/assets/web-frontend/client/img/broker-program.590306b.png]
[bitvez.com/assets/web-frontend/client/img/liquidity-provider-program.58d4b22.png]
[bitvez.com/assets/web-frontend/client/img/listing-program.4e80ebb.png]
[bitvez.com/institutional-services.html]
[bitvez.com/assets/vip.css]
[bitvez.com/assets/static-file/public/banner/32f61d183d60d9c3279cbfbc-20241125154627.jpg]
[bitvez.com/assets/static-file/public/banner/ca79d2e84287e77d08647867-20241125155530.png]
[bitvez.com/assets/static-file/public/banner/5ab969ab333d6978b720ed98-20240819140815.png]
[bitvez.com/vip.html]
[bitvez.com/assets/web-frontend-next/public/_next/portalbIIHsoY4.png]
[bitvez.com/assets/images/51540479fa0ff37bb62efa8a-20240712034501.png]
[bitvez.com/assets/web-frontend/client/img/invitebc24ec3.png]
[bitvez.com/referral-program.html]
[bitvez.com/assets/static-file/public/banner/rewardBanner.png]
[bitvez.com/reward-hub.html]
[bitvez.com/assets/web-frontend/client/img/en-min.5241326.png]
[bitvez.com/forget-password.html]
[bitvez.com/accountcreated.html]
[bitvez.com/login.html]
[bitvez.com/2fa.html]
[bitvez.com/register.html]
[bitvez.com/assets/web-frontend/client/img/follower.d613935.html]
[bitvez.com/imgs/avatar.svg]
[bitvez.com/-copy-trading/en-US.html]
[bitvez.com/earn1785.html]
[bitvez.com/earn80c5.html]
[bitvez.com/earn417d.html]
[bitvez.com/earndcc4.html]
[bitvez.com/earn7cf9.html]
[bitvez.com/earn6d19.html]
[bitvez.com/earn5f86.html]
[bitvez.com/earnea1a.html]
[bitvez.com/trade/en-US.html]
[bitvez.com/about.html]
[bitvez.com/assets/web-frontend/client/img/web_signup_pic@2x.8ff4eef.png]
[bitvez.com/assets/static-file/public/agencies/Circle.jpg]
[bitvez.com/assets/static-file/public/agencies/Gemini.jpg]
[bitvez.com/assets/static-file/public/agencies/TRON.jpg]
[bitvez.com/assets/static-file/public/agencies/Certik.jpg]
[bitvez.com/assets/static-file/public/agencies/Paxful.jpg]
[bitvez.com/assets/static-file/public/agencies/MasonGeorge.jpg]
[bitvez.com/assets/static-file/public/agencies/StonyBrook.jpg]
[bitvez.com/assets/static-file/public/agencies/ColumbiaUniversity.jpg]
[bitvez.com/assets/static-file/public/agencies/BostonCollege.jpg]
[bitvez.com/assets/static-file/public/agencies/Simplex.jpg]
[bitvez.com/assets/static-file/public/agencies/Talenta.jpg]
[bitvez.com/assets/static-file/public/agencies/Chaitin.jpg]
[bitvez.com/assets/static-file/public/agencies/Quantstamp.jpg]
[bitvez.com/assets/static-file/public/agencies/Advance.jpg]
[bitvez.com/assets/static-file/public/agencies/Slow_Mist.jpg]
[bitvez.com/assets/static-file/public/agencies/BitDegree.jpg]
[bitvez.com/assets/static-file/public/agencies/Svief.jpg]
[bitvez.com/assets/static-file/public/agencies/Bitlite.jpg]
[bitvez.com/assets/static-file/public/agencies/JENGA.jpg]
[bitvez.com/assets/static-file/public/agencies/TokenInsight_h.jpg]
[bitvez.com/assets/static-file/public/agencies/Blockchain_Agility.jpg]
[bitvez.com/assets/static-file/public/agencies/Jinse_Finance.jpg]
[bitvez.com/assets/static-file/public/agencies/BountyOne.jpg]
[bitvez.com/assets/static-file/public/agencies/Lianhui.jpg]
[bitvez.com/assets/static-file/public/agencies/cointime.jpg]
[bitvez.com/assets/static-file/public/agencies/Chains.jpg]
[bitvez.com/assets/static-file/public/agencies/Shrimpy.jpg]
[bitvez.com/assets/static-file/public/agencies/Bitsian.jpg]
[bitvez.com/assets/static-file/public/agencies/Bounty0x.jpg]
[bitvez.com/assets/static-file/public/agencies/Qtum.jpg]
[bitvez.com/assets/static-file/public/agencies/Verasity.jpg]
[bitvez.com/assets/static-file/public/agencies/Arab_BTC.jpg]
[bitvez.com/assets/static-file/public/agencies/Yanda.jpg]
[bitvez.com/assets/static-file/public/agencies/AIcoin.jpg]
[bitvez.com/assets/static-file/public/coin/FNZ-20191115125158.png]
[bitvez.com/assets/static-file/public/banner/haode-20200317073404.png]
[bitvez.com/assets/static-file/public/banner/wisser-20200429064901.png]
[bitvez.com/assets/static-file/public/banner/coinmarket-20200608074504.png]
[bitvez.com/assets/static-file/public/banner/reblock-20200609060537.jpg]
[bitvez.com/assets/static-file/public/banner/hedge-20201112085532.jpg]
[bitvez.com/assets/static-file/public/banner/coindoo-20201118064849.jpg]
[bitvez.com/assets/static-file/public/banner/coindesk-20201118064846.jpg]
[bitvez.com/assets/static-file/public/banner/potato-20201119065810.jpg]
[bitvez.com/assets/static-file/public/banner/360-20201204075009.jpg]
[bitvez.com/assets/static-file/public/banner/GDA-20210324071513.png]
[bitvez.com/assets/static-file/public/banner/GXLOGO2 (1)-20210526064746.png]
[bitvez.com/assets/static-file/public/banner/agora-20210526064750.jpg]
[bitvez.com/assets/static-file/public/banner/quill-20210730063714.jpg]
[bitvez.com/assets/static-file/public/banner/Frame 2-20230209105846.png]
[bitvez.com/assets/static-file/public/banner/Frame 3-20230209105911.png]
[bitvez.com/assets/static-file/public/banner/Frame 1-20230209105933.png]
[bitvez.com/assets/static-file/public/banner/Group 15452-20230616084829.jpg]
[bitvez.com/assets/static-file/public/banner/d012bc26c7aeb9c1c3be6f3c-20231212025013.jpg]
[bitvez.com/assets/static-file/public/banner/ae5b368f3b3ba8698766827a-20240701032514.jpg]
[bitvez.com/partners.html]
[bitvez.com/assets/static-file/public/banner/ba67ac5821ac177f32b13e99-20240719030538.jpg]
[bitvez.com/fee.html]
[bitvez.com/support/hc/assets/application-a42a464885a505c24ac3b0ab35047489.css]
[bitvez.com/support/hc/theming_assets/2159564/114095153533/style244c.css]
[bitvez.com/support/user-agreement.html]
[bitvez.com/support/privacy-policy.html]
[bitvez.com/support/-terms-and-conditions.html]
[bitvez.com/support/cookie-policy.html]
[bitvez.com/support/nft-terms-and-conditions.html]
[bitvez.com/support/faqs.html]
[bitvez.com/support/help-center.html]
[bitvez.com/support/submit-a-request.html]
[bitvez.com/support/hc/theming_assets/need-more-help.png]
[bitvez.com/feedback.html]
[bitvez.com/“https_/www.smartsupp.html]
[bitvez.com/assets/web-frontend/client/img/invisible.0c4a6dd.svg]
[bitvez.com/assets/web-frontend/client/img/visible.d776831.svg]
[bitvez.com/assets/web-frontend/client/fonts/IBMPlexSans-Var.7e7906f.html]
[bitvez.com/assets/web-frontend/client/img/night.44969de.html]
[bitvez.com/assets/web-frontend/client/img/day.ef408c3.html]
[bitvez.com/assets/web-frontend/client/img/normal.fab6c3a.html]
[bitvez.com/assets/web-frontend/client/img/-trade-1x.8459285.html]
[bitvez.com/assets/web-frontend/client/img/-trade-2x.ffa1f6b.html]
[bitvez.com/assets/web-frontend/client/img/phones-1x.fad7b12.html]
[bitvez.com/assets/web-frontend/client/img/why-background@2x.ca8976e.html]
[bitvez.com/assets/web-frontend/client/img/search.34b9682.html]
[bitvez.com/assets/web-frontend/client/img/checked.2914807.html]
[bitvez.com/assets/web-frontend/client/img/kv-bg-2.b78ceaf.html]
[bitvez.com/assets/web-frontend/client/img/kv-bg-3.7c6e5a5.html]
[bitvez.com/assets/web-frontend/client/img/company-mob.3b66f37.html]
[bitvez.com/assets/web-frontend/client/img/code-icon3669.78cc1ef.html]
[bitvez.com/assets/web-frontend/client/img/code-icon3656.c640775.html]
[bitvez.com/assets/web-frontend/client/img/line2.073e9d8.html]
[bitvez.com/assets/web-frontend/client/img/code-icon3657.c46d14a.html]
[bitvez.com/assets/web-frontend/client/img/line1.3ae09d4.html]
[bitvez.com/assets/web-frontend/client/img/code-icon-vip.fa29d98.html]
[bitvez.com/assets/web-frontend-next/public/_next/bg_vip.Bn5uwfPL.html]
[bitvez.com/assets/web-frontend/client/img/ic_viewoff.45fc2d9.html]
[bitvez.com/assets/web-frontend/client/img/ic_close.0dceeba.html]
[bitvez.com/assets/web-frontend-next/public/_next/about_middle_bg.wxSyEpw0.html]
[bitvez.com/assets/fonts/materialdesignicons-webfont683c683c.svg]
[bitvez.com/login5841.html]
[bitvez.com/assets/web-frontend/client/img/bank_transferb327b70.svg]
[bitvez.com/spot7d68.html]
[bitvez.com/spotad6f.html]
[bitvez.com/spotbeba.html]
[bitvez.com/spot120c.html]
[bitvez.com/spot097d.html]
[bitvez.com/spot3b5b.html]
[bitvez.com/spot5bb9.html]
[bitvez.com/spotbd21.html]
[bitvez.com/spota6b8.html]
[bitvez.com/spot6438.html]
[bitvez.com/spot06b7.html]
[bitvez.com/spot6145.html]
[bitvez.com/spotbb3e.html]
[bitvez.com/spot515b.html]
[bitvez.com/spot21a7.html]
[bitvez.com/spota613.html]
[bitvez.com/spot92a7.html]
[bitvez.com/spotccdf.html]
[bitvez.com/spotcffd.html]
[bitvez.com/spot5c79.html]
[bitvez.com/spot3c3e.html]
[bitvez.com/spot85ba.html]
[bitvez.com/spotac8b.html]
[bitvez.com/spote45f.html]
[bitvez.com/spot50d2.html]
[bitvez.com/spotd0f6.html]
[bitvez.com/spotfcad.html]
[bitvez.com/spotcab5.html]
[bitvez.com/spot1edc.html]
[bitvez.com/spot39da.html]
[bitvez.com/spot881a.html]
[bitvez.com/spot9655.html]
[bitvez.com/spot6bec.html]
[bitvez.com/spotfa6d.html]
[bitvez.com/spotd474.html]
[bitvez.com/spot0d02.html]
[bitvez.com/spote742.html]
[bitvez.com/spotea40.html]
[bitvez.com/spotae70.html]
[bitvez.com/spot8718.html]
[bitvez.com/spot9843.html]
[bitvez.com/spot63e4.html]
[bitvez.com/spote983.html]
[bitvez.com/spot88c2.html]
[bitvez.com/spote3c1.html]
[bitvez.com/spotc32f.html]
[bitvez.com/spot1e74.html]
[bitvez.com/spot48b6.html]
[bitvez.com/spot5ec3.html]
[bitvez.com/spote4d2.html]
[bitvez.com/spot498d.html]
[bitvez.com/spot59d8.html]
[bitvez.com/spot5508.html]
[bitvez.com/spotc5a2.html]
[bitvez.com/spoteef6.html]
[bitvez.com/spotc1ae.html]
[bitvez.com/spot7f04.html]
[bitvez.com/spot8c90.html]
[bitvez.com/spoted7c.html]
[bitvez.com/spot71cb.html]
[bitvez.com/spot1ffb.html]
[bitvez.com/spotb5af.html]
[bitvez.com/spot0e07.html]
[bitvez.com/spota426.html]
[bitvez.com/spotc1fc.html]
[bitvez.com/spotd3f2.html]
[bitvez.com/spot3d12.html]
[bitvez.com/spot3ffa.html]
[bitvez.com/spot8efe.html]
[bitvez.com/spote717.html]
[bitvez.com/spot8372.html]
[bitvez.com/spotc466.html]
[bitvez.com/spotbbd5.html]
[bitvez.com/spotce43.html]
[bitvez.com/spotcf00.html]
[bitvez.com/spotced2.html]
[bitvez.com/spot4019.html]
[bitvez.com/spotf4e1.html]
[bitvez.com/assets/web-frontend/client/fonts/iconfont.c8be0c2.woff2]
[bitvez.com/assets/web-frontend/client/fonts/iconfont.c6a531b.woff]
[bitvez.com/assets/web-frontend/client/fonts/iconfont.9097c11.ttf]
[bitvez.com/assets/web-frontend/client/fonts/iconfont.553160d.eot]
[bitvez.com/assets/web-frontend/client/fonts/iconfont.553160dd41d.eot]
[bitvez.com/assets/web-frontend/client/fonts/iconfont.b9ce298.woff2]
[bitvez.com/assets/web-frontend/client/fonts/iconfont.65e3401.woff]
[bitvez.com/assets/web-frontend/client/fonts/iconfont.67b6f8c.ttf]
[bitvez.com/assets/trade.css]
[bitvez.com/assets/web-frontend/client/img/depth1.4e32146.html]
[bitvez.com/assets/web-frontend/client/img/depth3.6d77ebf.html]
[bitvez.com/assets/web-frontend/client/img/depth2.d219870.html]
[bitvez.com/url.html]
[bitvez.com/assets/.css]
[bitvez.com/assets/-frontend/client/css/09960fd.css]
[bitvez.com/assets/-frontend/client/img/ic_card196df5eb.svg]
[bitvez.com/assets/-frontend/client/img/ic_card23bd12bb.svg]
[bitvez.com/assets/-frontend/client/img/ic_card3a790095.svg]
[bitvez.com/assets/-frontend/client/img/ic_card4913c622.svg]
[bitvez.com/assets/-frontend/client/img/ic_tw547b272.svg]
[bitvez.com/assets/-frontend/client/img/ic_tel5212a24.svg]
[bitvez.com/assets/-frontend/client/img/ic_sns15e139a.svg]
[bitvez.com/assets/-frontend/client/img/ic_applea539bba.svg]
[bitvez.com/assets/-frontend/client/img/ic_googledf62d5d.svg]
[bitvez.com/assets/-frontend/client/img/ic_qr13c1bda.svg]
[bitvez.com/loginebfd.html]
[bitvez.com/assets/web-frontend/client/img/guide.c1bab3d.html]
[bitvez.com/assets/web-frontend/client/img/go.86aeb66.html]
[bitvez.com/assets/web-frontend/client/img/numberfcec08a.svg]
[bitvez.com/html/user_zendesk_sso8db3.html]
[bitvez.com/login78e7.html]
[bitvez.com/assets/web-frontend/client/img/fee02e80ac.svg]
[bitvez.com/assets/web-frontend/client/img/entryc472d0f.svg]
[bitvez.com/assets/web-frontend/client/img/convenientc8270e6.svg]
[bitvez.com/assets/web-frontend/client/img/flexible16f739a.svg]
[bitvez.com/assets/web-frontend/client/img/successfc98790.html]
[bitvez.com/assets/web-frontend/client/img/fund190167f.svg]
[bitvez.com/assets/web-frontend/client/img/vip54cf027.svg]
[bitvez.com/assets/web-frontend/client/img/simp6c46248.svg]
[bitvez.com/assets/web-frontend/client/img/separate869de6a.svg]
[bitvez.com/vip-2.html]
[bitvez.com/assets/web-frontend/client/img/success.fc98790.html]
[bitvez.com/assets/static-file/public/banner/unnamed-20220527015650.html]
[bitvez.com/assets/static-file/public/banner/logo-20220526042953.html]
[bitvez.com/assets/web-frontend/client/img/creator-default.5c6a41d.html]
[bitvez.com/assets/static-file/public/banner/collection logo350-350-20220616024112.html]
[bitvez.com/institution-verification/en.html]
[bitvez.com/sub-account/en.html]
[bitvez.com/open-api-guide/en.html]
[bitvez.com/html/user_zendesk_sso7adc.html]
[bitvez.com/asset-credit/en.html]
[bitvez.com/html/user_zendesk_ssob1f1.html]
[bitvez.com/html/user_zendesk_sso7aad.html]
[bitvez.com/html/user_zendesk_sso5078.html]
[bitvez.com/assets/vip.css]
[bitvez.com/assets/web-frontend/client/img/copy-black84d89fb.html]
[bitvez.com/assets/web-frontend/client/img/top1fbdb00e.svg]
[bitvez.com/assets/web-frontend/client/img/top2b47cdd1.svg]
[bitvez.com/agent2/en.html]
[bitvez.com/activity/newusers.html]
[bitvez.com/forget-password.html]
[bitvez.com/default.html]
[bitvez.com/accountcreated.html]
[bitvez.com/loginaa93.html]
[bitvez.com/2fa.html]
[bitvez.com/assets/web-frontend/client/img/BitVez_partners_bgb5c1cfd.html]
[bitvez.com/cryptofee/en.html]
[bitvez.com/login/en.html]
[bitvez.com/static-file/public/coin/BTC-20200604060942.html]
[bitvez.com/static-file/public/coin/ETH-20200604061001.html]
[bitvez.com/static-file/public/coin/USDT-20200604062641.html]
[bitvez.com/static-file/public/coin/XLM-20200619074205.html]
[bitvez.com/static-file/public/coin/EOS-20200604060947.html]
[bitvez.com/static-file/public/coin/NEO-20200604062630.html]
[bitvez.com/static-file/public/coin/ZRX-20200619074211.html]
[bitvez.com/static-file/public/coin/BCH-20200604060756.html]
[bitvez.com/static-file/resources/public/coin/pic_coin_vet.html]
[bitvez.com/static-file/public/coin/XCH-20210811075937.html]
[bitvez.com/static-file/public/coin/near_icon-20210721153639.html]
[bitvez.com/static-file/public/coin/AVAX-20210719093408.html]
[bitvez.com/static-file/public/coin/solanaLogoMark-20211222194857.html]
[bitvez.com/static-file/public/coin/cspr-20210512035043.html]
[bitvez.com/static-file/public/coin/ICP-20210511141533.html]
[bitvez.com/static-file/public/coin/XTZ-20210510071049.html]
[bitvez.com/static-file/public/coin/minalogo-20210315120643.html]
[bitvez.com/static-file/public/coin/ADA-20210204062759.html]
[bitvez.com/static-file/public/coin/doge-20210125094531.html]
[bitvez.com/static-file/public/coin/Theta-20210119070020.html]
[bitvez.com/static-file/public/coin/AR-20200904074338.html]
[bitvez.com/static-file/public/coin/CELO-20210219031928.html]
[bitvez.com/static-file/public/coin/fil-20200628032739.html]
[bitvez.com/static-file/public/coin/ETC-20200619074200.html]
[bitvez.com/static-file/public/coin/pic_coin_dot-20190905114320.html]
[bitvez.com/static-file/public/coin/DASH-20200619074156.html]
[bitvez.com/static-file/public/coin/pic_coin_dgb-20191012072258.html]
[bitvez.com/static-file/public/coin/BNB-20200604060937.html]
[bitvez.com/static-file/public/coin/pic_coin_waves-20190827153526.html]
[bitvez.com/static-file/public/coin/ALGO-20200619074146.html]
[bitvez.com/static-file/public/coin/pic_coin_atom-20190709064305.html]
[bitvez.com/static-file/public/coin/LTC-20200604062623.html]
[bitvez.com/static-file/resources/public/coin/BSV.html]
[bitvez.com/static-file/resources/public/coin/pic_coin_trx.html]
[bitvez.com/static-file/public/coin/USDC-20211115040218.html]
[bitvez.com/static-file/resources/public/coin/pic_coin_pax.html]
[bitvez.com/static-file/public/coin/pic-coin-link-20191025065315.html]
[bitvez.com/static-file/public/coin/pic-coin-bat-20191028050414.html]
[bitvez.com/static-file/public/coin/comp-20200623033320.html]
[bitvez.com/static-file/public/coin/sushi-20200901080219.html]
[bitvez.com/static-file/public/coin/LRC-20200921094612.html]
[bitvez.com/static-file/public/coin/uni-20200922071957.html]
[bitvez.com/static-file/public/coin/WOO-20230413070719.html]
[bitvez.com/static-file/public/coin/Sandbox-20201027140117.html]
[bitvez.com/static-file/public/coin/YFI-20201218063257.html]
[bitvez.com/static-file/public/coin/NEXO-20201218093733.html]
[bitvez.com/static-file/public/coin/SNX-20201218094621.html]
[bitvez.com/static-file/public/coin/UMA-20201218095035.html]
[bitvez.com/static-file/public/coin/AAVE-20201218095516.html]
[bitvez.com/static-file/public/coin/GRT-20201222055822.html]
[bitvez.com/static-file/public/coin/1INCH-20201225030425.html]
[bitvez.com/static-file/public/coin/CRV-20210203082533.html]
[bitvez.com/static-file/public/coin/MIR-20210219022852.html]
[bitvez.com/static-file/public/coin/CAKE-20210304092521.html]
[bitvez.com/static-file/public/coin/MANA-20210304093457.html]
[bitvez.com/static-file/public/coin/CHZ-20210309024744.html]
[bitvez.com/static-file/public/coin/CELR-20210318025747.html]
[bitvez.com/static-file/public/coin/ANC-20210318030856.html]
[bitvez.com/static-file/public/coin/solarsxp-20220727132643.html]
[bitvez.com/static-file/public/coin/dodo-20210407023028.html]
[bitvez.com/static-file/public/coin/SHIB-20210419082720.html]
[bitvez.com/static-file/public/coin/FTM-20210507065953.html]
[bitvez.com/static-file/public/coin/Alpaca-20210709085208.html]
[bitvez.com/static-file/public/coin/AXS-20210713030656.html]
[bitvez.com/static-file/public/coin/alice-20230412105110.html]
[bitvez.com/static-file/public/coin/ANKR-20210804065949.html]
[bitvez.com/static-file/public/coin/TLM-20210819025807.html]
[bitvez.com/static-file/public/coin/FTT-20210906025843.html]
[bitvez.com/static-file/public/coin/AUDIO-20210907033438.html]
[bitvez.com/static-file/public/coin/DYDX-20210908092652.html]
[bitvez.com/static-file/public/coin/LUNC logo-20220526163724.html]
[bitvez.com/static-file/public/coin/HBAR-20210917055952.html]
[bitvez.com/static-file/public/coin/FzXpKpNl_400x400-20210928035259.html]
[bitvez.com/static-file/public/coin/le1nzlO6_400x400-20211013110027.html]
[bitvez.com/static-file/public/coin/SPELL-20211029113516.html]
[bitvez.com/static-file/public/coin/logo-20211104063506.html]
[bitvez.com/static-file/public/coin/10603-20211106022739.html]
[bitvez.com/static-file/public/coin/LOGO-20211116063509.html]
[bitvez.com/static-file/public/coin/LOGO-20211120150044.html]
[bitvez.com/static-file/public/coin/GN_UVm3d_400x400-20211127230159.html]
[bitvez.com/static-file/public/coin/logosq200200Coingecko-20211223060432.html]
[bitvez.com/static-file/public/coin/6ed20fefb8d2b24df1832050-20240910100645.html]
[bitvez.com/static-file/public/coin/enZoCNIg_400x400-20220115013700.html]
[bitvez.com/static-file/public/coin/pic_coin_btt.html]
[bitvez.com/static-file/public/coin/9903-20220202005958.html]
[bitvez.com/static-file/public/coin/4943-20220204190615.html]
[bitvez.com/static-file/public/coin/2022-02-08 07.57.21-20220208125749.html]
[bitvez.com/static-file/public/coin/pMErCWk4_400x400-20220223170151.html]
[bitvez.com/static-file/public/coin/EohgDtmJ_400x400-20220228031114.html]
[bitvez.com/static-file/public/coin/111-20220308070648.html]
[bitvez.com/static-file/public/coin/18069-20220309133646.html]
[bitvez.com/static-file/public/coin/ukukPZMP_400x400-20220317061952.html]
[bitvez.com/static-file/public/coin/4ff9e925e4cbfa7c7f67a8c8-20231202041135.html]
[bitvez.com/static-file/public/coin/截屏2022-04-28 上午1.12.16-20220428051226.html]
[bitvez.com/static-file/public/coin/KAVA-20220507020535.html]
[bitvez.com/static-file/public/coin/20314-20220530104839.html]
[bitvez.com/static-file/public/coin/JtpX95Rt_400x400 (1)-20220601114011.html]
[bitvez.com/static-file/public/coin/Lido-20220704033432.html]
[bitvez.com/static-file/public/coin/dome-20220705035958.html]
[bitvez.com/static-file/public/coin/XANA-20220720062849.html]
[bitvez.com/static-file/public/coin/AMAZY-20220721091450.html]
[bitvez.com/static-file/public/coin/11374 (1) (1)-20220817150842.html]
[bitvez.com/static-file/public/coin/ASTR-20230711102752.html]
[bitvez.com/static-file/public/coin/STG-20220824025833.html]
[bitvez.com/static-file/public/coin/hb8hQIWP_400x400-20220831192845.html]
[bitvez.com/static-file/public/coin/Bone-ShibaSwap-Shiba-Inu-20220905140447.html]
[bitvez.com/static-file/public/coin/SWEAT-20220913082253.html]
[bitvez.com/static-file/public/coin/xWuJ-20220915162454.html]
[bitvez.com/static-file/public/coin/GMX (1) (1)-20221011143940.html]
[bitvez.com/static-file/public/coin/Aptos logo-20221018105646.html]
[bitvez.com/static-file/public/coin/FLOW-20221020075950.html]
[bitvez.com/static-file/public/coin/hft-20221104062826.html]
[bitvez.com/static-file/public/coin/lazio-20221118053851.html]
[bitvez.com/static-file/public/coin/santos-20221118054617.html]
[bitvez.com/static-file/public/coin/porto-20221118055830.html]
[bitvez.com/static-file/public/coin/HOOK-logo-20221202051311.html]
[bitvez.com/static-file/public/coin/magic-20221206031727.html]
[bitvez.com/static-file/public/coin/LIT Logo-20221208054349.html]
[bitvez.com/static-file/public/coin/ssv logo-20221214035053.html]
[bitvez.com/static-file/public/coin/edb9c8eb0d48546a2d87f1f2-20231228102814.html]
[bitvez.com/static-file/public/coin/bonk-20230104070218.html]
[bitvez.com/static-file/public/coin/flr-20230110151512.html]
[bitvez.com/static-file/public/coin/RPL-20230117020937.html]
[bitvez.com/static-file/public/coin/cqsYAptJ_400x400-20230118040059.html]
[bitvez.com/static-file/public/coin/GFT-20230209024715.html]
[bitvez.com/static-file/public/coin/23121-20230210203022.html]
[bitvez.com/static-file/public/coin/ACS-20230217040024.html]
[bitvez.com/static-file/public/coin/GNS-20230217101319.html]
[bitvez.com/static-file/public/coin/KEY-20230222021119.html]
[bitvez.com/static-file/public/coin/SYN-20230222102951.html]
[bitvez.com/static-file/public/coin/arb-20230321155325.html]
[bitvez.com/static-file/public/coin/id-20230321181051.html]
[bitvez.com/static-file/public/coin/JOE-20230329050743.html]
[bitvez.com/static-file/public/coin/AIDOGE-20230417074750.html]
[bitvez.com/static-file/public/coin/pepe-20230420001715.html]
[bitvez.com/static-file/public/coin/EDU-20230427024700.html]
[bitvez.com/static-file/public/coin/20947-20230502181308.html]
[bitvez.com/static-file/public/coin/ORDI-20230508120554.html]
[bitvez.com/static-file/public/coin/CETUS-20230510080047.html]
[bitvez.com/static-file/public/coin/LADYS-20230511034112.html]
[bitvez.com/static-file/public/coin/$LINA-20230531072248.html]
[bitvez.com/static-file/public/coin/COMBO-20230606131641.html]
[bitvez.com/static-file/public/coin/GALA-20210617032306.html]
[bitvez.com/static-file/public/coin/MAV-20230628023726.html]
[bitvez.com/static-file/public/coin/PENDLE-20230703082331.html]
[bitvez.com/static-file/public/coin/ARMK-20230717093537.html]
[bitvez.com/static-file/public/coin/$TAO-20230721074638.html]
[bitvez.com/static-file/public/coin/WLD-20230724061213.html]
[bitvez.com/static-file/public/coin/KNC-20230725102440.html]
[bitvez.com/static-file/public/coin/SEI-20230814111009.html]
[bitvez.com/static-file/public/coin/HIFI-20230914022329.html]
[bitvez.com/static-file/public/coin/TRB-20230915111805.html]
[bitvez.com/static-file/public/coin/$ELF -20230918081052.html]
[bitvez.com/static-file/public/coin/STPT-20230919032134.html]
[bitvez.com/static-file/public/coin/BIGTIME-20231011062235.html]
[bitvez.com/static-file/public/coin/487f7b22f68312d2c1bbc93b-20231030070152.html]
[bitvez.com/static-file/public/coin/137975fba21d2f794bfb15f7-20231031121649.html]
[bitvez.com/static-file/public/coin/1277dfe221e591bec264c0bb-20231108103349.html]
[bitvez.com/static-file/public/coin/43ba566bfc0f575df6a2d265-20231109041427.html]
[bitvez.com/static-file/public/coin/4445cf1445911e21c49de3f4-20231116165236.html]
[bitvez.com/static-file/public/coin/0e0c0212d756095f153e61d7-20231123041533.html]
[bitvez.com/static-file/public/coin/4759125d946f7b47ab7870d1-20231127031602.html]
[bitvez.com/static-file/public/coin/c5f82a08d9688a1ffb00439f-20231128034016.html]
[bitvez.com/static-file/public/coin/65c6955719df2214b192b6ae-20231201084739.html]
[bitvez.com/static-file/public/coin/6659d9d2dcd676a665ab531c-20231206024142.html]
[bitvez.com/static-file/public/coin/aea76daf1b48ad8393b111a6-20231207171602.html]
[bitvez.com/static-file/public/coin/da995192d709e8d852aab9d6-20231213191833.html]
[bitvez.com/static-file/public/coin/dae8cbfecaa31e56e04e02f7-20231218073943.html]
[bitvez.com/static-file/public/coin/dd623c8ddb397c8d6da153d1-20231219090240.html]
[bitvez.com/static-file/public/coin/cffa76b998ee6942df4f944b-20240107104310.html]
[bitvez.com/static-file/public/coin/9b73b1deffb9ee6e12567970-20240109100256.html]
[bitvez.com/static-file/public/coin/9f5f7c0fc9d442f1fa38d5b3-20240116170105.html]
[bitvez.com/static-file/public/coin/2d0c79cb8426c07d36b186fd-20240117112447.html]
[bitvez.com/static-file/public/coin/01fe39c5fa681ce5b4737d0e-20240125052033.html]
[bitvez.com/static-file/public/coin/83796d214d60c17eb60e070e-20240129081249.html]
[bitvez.com/static-file/public/coin/520f1abced64cb201e1baa27-20240130102223.html]
[bitvez.com/static-file/public/coin/ce10e1999243267a63541a65-20240131023359.html]
[bitvez.com/static-file/public/coin/e9aaa5404f4c8bef6cb41468-20240206050755.html]
[bitvez.com/static-file/public/coin/8e3a56fa2a6695fa0ff2edd9-20240208025507.html]
[bitvez.com/static-file/public/coin/bb8222d4f0da67ddc79cd893-20240218025112.html]
[bitvez.com/static-file/public/coin/4e90ce402e6f0841715b2a93-20240219094910.html]
[bitvez.com/static-file/public/coin/216545a04dfa978253cc6fd0-20240220061019.html]
[bitvez.com/static-file/public/coin/37bdef42849ceb0324cb1c1d-20240220064148.html]
[bitvez.com/static-file/public/coin/3742897274d6321008dd20ad-20240222063333.html]
[bitvez.com/static-file/public/coin/acebce87297d24625dfce641-20240226100502.html]
[bitvez.com/static-file/public/coin/e26049389617060ec3ff8ee3-20240313025012.html]
[bitvez.com/static-file/public/coin/d7e1b20d9329c2033f270034-20240314132306.html]
[bitvez.com/static-file/public/coin/4e1e3bec48104de233fe5c4b-20240315102003.html]
[bitvez.com/static-file/public/coin/aea9a580960f535507365985-20240318094708.html]
[bitvez.com/static-file/public/coin/4bdf64fdea1998f4408c1837-20240319042441.html]
[bitvez.com/static-file/public/coin/d79b66a89977590d473e2d45-20240329091630.html]
[bitvez.com/static-file/public/coin/67c5279f0572288cfb7f16a4-20240401060652.html]
[bitvez.com/static-file/public/coin/10bc86a08740e5e862e54afe-20240401101031.html]
[bitvez.com/static-file/public/coin/ae51200169a56955f498c786-20240404022554.html]
[bitvez.com/static-file/public/coin/705c4f8a72d005cf5bead01e-20240408081947.html]
[bitvez.com/static-file/public/coin/1bd50cbec6de28ba3eb4dffd-20240409021700.html]
[bitvez.com/static-file/public/coin/9c803723febc4a061342e100-20240416032842.html]
[bitvez.com/static-file/public/coin/2e158d87054b198a324a950f-20240416071621.html]
[bitvez.com/static-file/public/coin/7050ae1443412b919dc7b208-20240429062233.html]
[bitvez.com/static-file/public/coin/98d5ba5b56ff774c3b5ced3b-20240515095417.html]
[bitvez.com/static-file/public/coin/f24188eeac699c6f3c5c8a89-20240524025935.html]
[bitvez.com/static-file/public/coin/96e473d9fe84f8af7ba7581e-20240606041831.html]
[bitvez.com/static-file/public/coin/39c66df483f41b43b8f1bf66-20240606074446.html]
[bitvez.com/static-file/public/coin/291704a55242833ce5e542e8-20240611031303.html]
[bitvez.com/static-file/public/coin/801c1b905eda4a63eff5c2fe-20240617062413.html]
[bitvez.com/static-file/public/coin/875daf2686c69cbccf9da855-20240619082802.html]
[bitvez.com/static-file/public/coin/af36445ffc7210db27dd9c12-20240625091452.html]
[bitvez.com/static-file/public/coin/22c337c1427c528355bab000-20240620075205.html]
[bitvez.com/static-file/public/coin/7a247a7e02f516bfa3c9b0a2-20240718063119.html]
[bitvez.com/static-file/public/coin/686645a84ba7756ee3e774a4-20240719081730.html]
[bitvez.com/static-file/public/coin/4cb7ce498ae1c447e7d09e21-20240719093857.html]
[bitvez.com/static-file/public/coin/f0a8a42826c5a663c5414f04-20240730045013.html]
[bitvez.com/static-file/public/coin/c168c1bb6f9807aa3cb3755b-20240730063820.html]
[bitvez.com/static-file/public/coin/ae06523e85051b12439d6035-20240801042856.html]
[bitvez.com/static-file/public/coin/4a4f59d60b141e0150ddb81f-20240802042119.html]
[bitvez.com/static-file/public/coin/3cef5274c59883f2d99eff7b-20240807101848.html]
[bitvez.com/static-file/public/coin/230cce5f44465eece8939203-20240812102102.html]
[bitvez.com/static-file/public/coin/b679978f2d43f7057ee5c023-20240819092905.html]
[bitvez.com/static-file/public/coin/63839a7ce40988b53b93f2cd-20240819104949.html]
[bitvez.com/static-file/public/coin/b7410d15a7d680d2ef12bae7-20240821063537.html]
[bitvez.com/static-file/public/coin/403a2d10a07f1d590e36b65f-20240830055201.html]
[bitvez.com/static-file/public/coin/104c7533811926e602c16415-20240902061554.html]
[bitvez.com/static-file/public/coin/7f519f35ca3c674cb384e14b-20240905043405.html]
[bitvez.com/static-file/public/coin/4ba9f32066460b6ff152f445-20240910072354.html]
[bitvez.com/static-file/public/coin/f86ddd86e4db4b5b6d01183d-20240910083216.html]
[bitvez.com/static-file/public/coin/94778c5d56dc45eb657620c0-20240913060511.html]
[bitvez.com/static-file/public/coin/1cd1c3ec39d90286283ad5e3-20240918060534.html]
[bitvez.com/static-file/public/coin/d91706cfec7425bf01c9f8a4-20240920061320.html]
[bitvez.com/static-file/public/coin/73d0cf671fcd607e95189208-20240924024846.html]
[bitvez.com/static-file/public/coin/1f94eab8d43e8759c5156a3f-20240925062949.html]
[bitvez.com/vip/en-US.html]
[bitvez.com/support/unbind-or-reset-google-2fa.html]
[bitvez.com/support/hc/assets/application-a42a464885a505c24ac3b0ab35047489.css]
[bitvez.com/support/hc/theming_assets/2159564/114095153533/style244c.css]
[bitvez.com/support/hc/theming_assets/01HZPG3BECECBG2E9ASQTBH7EN.html]
[bitvez.com/support/hc/theming_assets/01HZPG38QTNEKM9D4FS277D07M.html]
[bitvez.com/support/hc/theming_assets/01HZPG2Z1076P60271DGWAH3CX.html]
[bitvez.com/support/hc/theming_assets/01HZPG35GMDA2PV3J99VE9NB07.html]
[bitvez.com/support/hc/theming_assets/01HZPG37CQR3618JX216WQRSN7.html]
[bitvez.com/support/hc/en-us.html]
[bitvez.com/support/BitVez.html]
[bitvez.com/support/hc/theming_assets/01HZPG3A383GX1VZM3FQ0YSVM9.html]
[bitvez.com/support/hc/theming_assets/01HZPG32D4VZTG34S74ESYZNT3.html]
[bitvez.com/support/hc/theming_assets/01HZPG36EPSQE68E5FKARZ5985.html]
[bitvez.com/support/hc/theming_assets/01HZPG32VYW2V2BYNH3N46X3CC.html]
[bitvez.com/support/hc/theming_assets/01HZPG30HR7BWMMGWG0E69BNE2.html]
[bitvez.com/support/hc/theming_assets/01HZPG300GYSH91HF7E7VHFFJ8.html]
[bitvez.com/support/hc/theming_assets/01HZPG2YFD3Y0EK726BPGK0VNK.html]
[bitvez.com/support/hc/theming_assets/01HZPG3ANCP8SR90C5JMXMSJ0H.html]
[bitvez.com/support/hc/theming_assets/01HZPG34J8MZMCWTTCA2MEY272.html]
[bitvez.com/support/“https_/www.smartsupp.html]
[bitvez.com/support/-terms-and-conditions.html]
[bitvez.com/support/cookie-policy.html]
[bitvez.com/support/nft-terms-and-conditions.html]
[bitvez.com/support/hc/theming_assets/01HZPG3BTGE419BQ21MXC2D26W.png]
[bitvez.com/support/Two-Factor-Authentication-2FA.html]
[bitvez.com/support/Guide-for-Adding-Token-Based-2FA-on-App.html]
[bitvez.com/support/Google-Authenticator-Guide.html]
[bitvez.com/support/How-to-Add-Two-Factor-Authentication.html]
[bitvez.com/support/KYC.html]
[bitvez.com/support/Identity-Verification-KYC-Tutorial.html]
[bitvez.com/support/User-Policy.html]
[bitvez.com/support/BitVez-Account-Cancellation-Procedure-and-Requirements-Guide.html]
[bitvez.com/support/Spot-Trading-Fee-Voucher-User-Guide.html]
[bitvez.com/support/BitVez-Elite-Program-FAQ.html]
[bitvez.com/error.html]
[bitvez.com/support/BitVez-Referral-Program-Service-Agreement.html]
[bitvez.com/support/Contact-Us.html]
[bitvez.com/support/How-to-Refer-Friends-and-Earn-Commissions.html]
[bitvez.com/support/Want-to-Help-BitVez.html]
[bitvez.com/support/Want-to-Get-Help-from-BitVez.html]
[bitvez.com/support/About-Email.html]
[bitvez.com/support/Email-Delivery-Issue-User-Self-Check-Guide.html]
[bitvez.com/support/faqs.html]
[bitvez.com/imgs/rankCheck.svg]
[bitvez.com/assets/web-frontend/client/img/rank-18e616fb.svg]
[bitvez.com/assets/web-frontend/client/img/rank-203305ed.svg]
[bitvez.com/assets/web-frontend/client/img/rank-38542958.svg]
[bitvez.com/assets/web-frontend/client/img/rank-4b163a71.svg]
[bitvez.com/assets/web-frontend/client/img/rank-58688194.svg]
[bitvez.com/${e.target.html]
[bitvez.com/assets/web-frontend/client/img/iconfont.6bd17e5.html]
[bitvez.com/assets/web-frontend/client/img/lgicon2.fdd306b.html]
[bitvez.com/default.html]
[bitvez.com/loginaa93.html]
[bitvez.com/support/Whitelist-BitVez-Emails.html]
[bitvez.com/support/hc/article_attachments/mceclip1.png]
[bitvez.com/support/hc/article_attachments/mceclip2.png]
[bitvez.com/support/hc/article_attachments/mceclip0.png]
[bitvez.com/support/unbind-or-reset-google-2fa.html]
[bitvez.com/support/hc/assets/community-group-d90f6021a6bbf7107ccd29b23217640b..html]
[bitvez.com/support/hc/assets/loader-e8668a6a81cd14e7011b2b6440de7768..html]
[bitvez.com/support/hc/assets/bold-stroke-c075ecfab5f51c3e3fc9b218f0bb5379..html]
[bitvez.com/support/hc/assets/italic-stroke-70c33a4f2eb08e92c4317b86aa029a59..html]
[bitvez.com/support/hc/assets/indent-decrease-stroke-4f5ac587f4163ee5af7d9923d04a5e7d..html]
[bitvez.com/support/hc/assets/indent-increase-stroke-2a5c095484c48a678d02968e197bd107..html]
[bitvez.com/support/hc/assets/image-stroke-b74238650a1216f48a2a821a950e5101..html]
[bitvez.com/support/hc/assets/terminal-cli-stroke-1bdbc63926aa2ada431dcc1ce4ae5601..html]
[bitvez.com/support/hc/assets/quote-stroke-2a6ea1ba5e86bff41a38c0f8f7d45207..html]
[bitvez.com/support/hc/assets/link-stroke-7106f546349740ac359b04ed1bb73b6c..html]
[bitvez.com/support/hc/assets/list-bullet-stroke-04b8bc257b35bc8f92daf5a5d7e1955f..html]
[bitvez.com/support/hc/assets/list-number-stroke-0f55516854b2cc29ed275ce293d0e1a8..html]
[bitvez.com/support/hc/assets/text-stroke-2901fc68f0898259656b155b6e0ba92f..html]
[bitvez.com/support/hc/theming_assets/01HZPG3C7M6KQ2DS4776BDDKTB.html]
[bitvez.com/support/Two-Factor-Authentication-2FA.html]
[bitvez.com/support/hc/article_attachments/211.png]
[bitvez.com/support/hc/article_attachments/222.png]
[bitvez.com/support/hc/article_attachments/233.png]
[bitvez.com/support/Guide-for-Adding-Token-Based-2FA-on-App.html]
[bitvez.com/support/Google-Authenticator-Guide.html]
[bitvez.com/support/hc/article_attachments/mceclip00.png]
[bitvez.com/support/hc/article_attachments/mceclip11.png]
[bitvez.com/support/hc/article_attachments/mceclip22.png]
[bitvez.com/support/hc/article_attachments/mceclip33.png]
[bitvez.com/support/How-to-Add-Two-Factor-Authentication.html]
[bitvez.com/support/KYC.html]
[bitvez.com/support/hc/article_attachments/4402427074331.png]
[bitvez.com/support/hc/article_attachments/4415757420571.png]
[bitvez.com/support/hc/article_attachments/4415757475227.png]
[bitvez.com/support/hc/article_attachments/4415757488539.png]
[bitvez.com/support/hc/article_attachments/4415750657179.png]
[bitvez.com/support/hc/article_attachments/4415750669979.png]
[bitvez.com/support/hc/article_attachments/4415757533083.png]
[bitvez.com/support/hc/article_attachments/4415750701467.png]
[bitvez.com/support/Identity-Verification-KYC-Tutorial.html]
[bitvez.com/support/User-Policy.html]
[bitvez.com/support/hc/article_attachments/01.png]
[bitvez.com/support/hc/article_attachments/02.png]
[bitvez.com/support/hc/article_attachments/03.png]
[bitvez.com/support/hc/article_attachments/04.png]
[bitvez.com/support/BitVez-Account-Cancellation-Procedure-and-Requirements-Guide.html]
[bitvez.com/support/Spot-Trading-Fee-Voucher-User-Guide.html]
[bitvez.com/support/BitVez-Elite-Program-FAQ.html]
[bitvez.com/error.html]
[bitvez.com/support/BitVez-Referral-Program-Service-Agreement.html]
[bitvez.com/support/Contact-Us.html]
[bitvez.com/support/hc/article_attachments/referfriend-v3.png]
[bitvez.com/support/hc/article_attachments/v1.png]
[bitvez.com/support/hc/article_attachments/v2.png]
[bitvez.com/support/hc/article_attachments/v3.png]
[bitvez.com/support/hc/article_attachments/v4.png]
[bitvez.com/support/How-to-Refer-Friends-and-Earn-Commissions.html]
[bitvez.com/support/Want-to-Help-BitVez.html]
[bitvez.com/support/hc/article_attachments/28812101662619.png]
[bitvez.com/support/hc/article_attachments/28812101664795.png]
[bitvez.com/support/hc/article_attachments/28812082225179.png]
[bitvez.com/support/hc/article_attachments/28812082226075.png]
[bitvez.com/support/hc/article_attachments/28812101667739.png]
[bitvez.com/support/Want-to-Get-Help-from-BitVez.html]
[bitvez.com/support/About-Email.html]
[bitvez.com/support/hc/article_attachments/28812101667995.png]
[bitvez.com/support/Email-Delivery-Issue-User-Self-Check-Guide.html]
[bitvez.com/support/Whitelist-BitVez-Emails.html]
[bitvez.com/support/mceclip1.html]
[bitvez.com/support/mceclip2.html]
[bitvez.com/support/mceclip0.html]
[bitvez.com/hc/en-us/sections/360000405353-Two-Factor-Authentication-2FA.html]
[bitvez.com/support/2.1.1.html]
[bitvez.com/support/2.2.2.html]
[bitvez.com/support/2.3.3.html]
[bitvez.com/hc/en-us.html]
[bitvez.com/support/KYCAD-3.html]
[bitvez.com/support/Picture1.html]
[bitvez.com/support/Picture2.html]
[bitvez.com/support/Picture3.html]
[bitvez.com/support/Picture4.html]
[bitvez.com/support/Picture5.html]
[bitvez.com/support/Picture6.html]
[bitvez.com/support/Picture7.html]
[bitvez.com/support/01.html]
[bitvez.com/support/02.html]
[bitvez.com/support/03.html]
[bitvez.com/support/04.html]
[bitvez.com/support/referfriend-v3.html]
[bitvez.com/support/1.html]
[bitvez.com/support/2.html]
[bitvez.com/support/3.html]
[bitvez.com/support/4.html]
[bitvez.com/support/hc/article_attachments/28812101662619.html]
[bitvez.com/hc/en-us/sections/24254804787227-About-Email.html]
